fafsdfreasgsa

